C:\Program Files\dotnet\sdk\10.0.100\Sdks\Microsoft.NET.Sdk\targets\Microsoft.PackageDependencyResolution.targets(266,5): error NETSDK1004: Assets file 'D:\CareSphere\obj\project.assets.json' not found. Run a NuGet package restore to generate this file. [D:\CareSphere\CareSphere.csproj]

Build FAILED.

C:\Program Files\dotnet\sdk\10.0.100\Sdks\Microsoft.NET.Sdk\targets\Microsoft.PackageDependencyResolution.targets(266,5): error NETSDK1004: Assets file 'D:\CareSphere\obj\project.assets.json' not found. Run a NuGet package restore to generate this file. [D:\CareSphere\CareSphere.csproj]
    0 Warning(s)
    1 Error(s)

Time Elapsed 00:00:01.31
